[chukymantilla25.wordpress.com/index.html]
[backblue.gif]
[fade.gif]
[index.html]
[s2.wp.com/wp-content/blog-plugins/marketing-bar/css/marketing-bard25c.css]
[chukymantilla25.wordpress.com/feed/index.html]
[chukymantilla25.wordpress.com/comments/feed/index.html]
[s1.wp.com/_static/index7d7d.html]
[chukymantilla25.wordpress.com/xmlrpc0db0.php]
[s2.wp.com/i/webclip.png]
[chukymantilla25.wordpress.com/osd.xml]
[chukymantilla25.files.wordpress.com/2023/08/0058cf68-6431-4023-b1d5-12c6ba676a7b-22dff.jpg]
[chukymantilla25.files.wordpress.com/2023/08/067a9ef7-7515-4c5b-b3d8-8cc8846f3f0e-12dff.jpg]
[chukymantilla25.files.wordpress.com/2023/08/084629a3-fc22-4d86-b666-3e0bf5109b4f2dff.jpg]
[chukymantilla25.files.wordpress.com/2023/08/ab382aee-a59c-4f53-8da8-b613a158ca3a2dff.jpg]
[0.gravatar.com/js/hovercards/hovercards.min08d0.js]
[s2.wp.com/wp-content/mu-plugins/gravatar-hovercards/wpgrohoe8bd.js]
[s2.wp.com/i/logo/wpcom-gray-white.png]
[s0.wp.com/wp-content/mu-plugins/actionbar/actionbar2866.css]
[s0.wp.com/wp-content/mu-plugins/actionbar/actionbarb516.js]
[s2.wp.com/wp-content/js/devicepx5627.js]
[stats.wp.com/w03af.js]
[chukymantilla25.wordpress.com/wp-content/plugins/ie-sitemode/custom-jumplist.php]
[pixel.wp.com/b0b80.gif]
[chukymantilla25.wordpress.com/index.html]
[s2.wp.com/wp-content/blog-plugins/marketing-bar/css/marketing-bard25c.css]
[s1.wp.com/_static/indexd02a.html]
[s2.wp.com/wp-content/themes/h4/globalf753.css]
[chukymantilla25.wordpress.com/indexbc9e.html]
[s0.wp.com/wp-content/mu-plugins/actionbar/actionbar2866.css]
[chukymantilla25.wordpress.com/biblioteca/index.html]
[chukymantilla25.files.wordpress.com/2023/08/texto-de-2-aefbfbdo-ccss-1ae7c.jpg]
[chukymantilla25.wordpress.com/biblioteca/index.html]
